// Jest Snapshot v1, https://goo.gl/fbAQLP

exports[`TodoList.vue renders correctly with initial state 1`] = `
<div
  class="list"
  data-testid="TodoList"
>
  <div
    class="list__scroll"
    data-testid="Scroll"
  >
    
    <todo-item-stub
      content="Task 1"
      id="1"
      index="0"
      iscompleted="false"
    />
    <todo-item-stub
      content="Task 2"
      id="2"
      index="1"
      iscompleted="false"
    />
    <todo-item-stub
      content="Task 3"
      id="3"
      index="2"
      iscompleted="false"
    />
    <todo-item-stub
      content="Task 4"
      id="4"
      index="3"
      iscompleted="false"
    />
    
  </div>
  <filter-bar-stub />
</div>
`;
