// Jest Snapshot v1, https://goo.gl/fbAQLP

exports[`NewTodo.vue renders correctly 1`] = `
<div
  class="bar"
>
  <core-icon-stub
    class="bar__icon"
    height="24px"
    src=""
    width="24px"
  />
  <input
    class="bar__input"
    maxlength="151"
    placeholder="Enter a new task..."
    type="text"
  />
  <!--v-if-->
  <!--v-if-->
</div>
`;
