// Jest Snapshot v1, https://goo.gl/fbAQLP

exports[`FilterBar.vue renders correctly with initial state 1`] = `
<div
  class="container"
  data-testid="FilterBar"
>
  <p
    class="container__count"
    data-testid="ActiveCount"
  >
    5 items left 
  </p>
  <ul
    class="container__filters"
    data-testid="Filters"
  >
    <li>
      <button
        class="container__filters--active"
        data-testid="All"
        type="button"
      >
         all 
      </button>
    </li>
    <li>
      <button
        class=""
        data-testid="Active"
        type="button"
      >
         active 
      </button>
    </li>
    <li>
      <button
        class=""
        data-testid="Completed"
        type="button"
      >
         completed 
      </button>
    </li>
  </ul>
  <button
    class="container__clear"
    data-testid="Clear"
    type="button"
  >
     clear completed 
  </button>
</div>
`;
